// Jest Snapshot v1, https://goo.gl/fbAQLP

exports[`BackButton renders correctly 1`] = `
<View
  accessible={true}
  collapsable={false}
  focusable={true}
  onClick={[Function]}
  onResponderGrant={[Function]}
  onResponderMove={[Function]}
  onResponderRelease={[Function]}
  onResponderTerminate={[Function]}
  onResponderTerminationRequest={[Function]}
  onStartShouldSetResponder={[Function]}
  style={
    Object {
      "display": "flex",
      "flexDirection": "row",
      "left": "20%",
      "opacity": 1,
      "top": "15%",
    }
  }
>
  <Text />
  <Text
    style={
      Object {
        "fontFamily": "Inter_800ExtraBold",
        "top": 2,
      }
    }
  >
    Back
  </Text>
</View>
`;
